{Decl : {dec : [= !1], dec_in : [[Val : int * !0] -> !1]+, dec_out : [!1 -> [Val : int * !0]]+, make_val : [int -> !0 -> !1]+, u : [= [Val : int * !0]]}, Expr : {exp : [= !0], exp_in : [[Let : !1 * !0] -> !0]+, exp_out : [!0 -> [Let : !1 * !0]]+, make_let : [!1 -> !0 -> !0]+, make_let_val : [int -> !0 -> !0 -> !0]+, u : [= [Let : !1 * !0]]}}
