{LIST : [forall (!476@t : Type). {cons : [int -> !476 -> !476]-, nil : [!476]-, null : [!476 -> bool]-, t : [= !476], uncons : [!476 -> int * !476]-}]+, List : {cons : [int -> !0 -> !0]+, nil : [!0]+, null : [!0 -> bool]+, t : [= !0], t_in : [[Cons : int * !0, Nil : unit] -> !0]+, t_out : [!0 -> [Cons : int * !0, Nil : unit]]+, u : [= [Cons : int * !0, Nil : unit]], uncons : [!0 -> int * !0]+}}
