{LIST : [forall (!474@t : Type). {cons : [int -> !474 -> !474]-, nil : [!474]-, null : [!474 -> bool]-, t : [= !474], uncons : [!474 -> int * !474]-}]+, List : {cons : [int -> !0 -> !0]+, nil : [!0]+, null : [!0 -> bool]+, t : [= !0], t_in : [[Cons : int * !0, Nil : unit] -> !0]+, t_out : [!0 -> [Cons : int * !0, Nil : unit]]+, u : [= [Cons : int * !0, Nil : unit]], uncons : [!0 -> int * !0]+}}
